[0.773s] Invoking command in '/home/yaojunqi/Desktop/motion_builder/src/sim_joy': CONDA_PROMPT_MODIFIER=(base) PYTHONPATH=/home/yaojunqi/Desktop/motion_builder/build/sim_joy/prefix_override:/usr/lib/python3/dist-packages/colcon_core/task/python/colcon_distutils_commands:/home/yaojunqi/Desktop/motion_builder/install/sim_joy/lib/python3.10/site-packages:${PYTHONPATH} /usr/bin/python3 -W ignore:setup.py install is deprecated -W ignore:easy_install command is deprecated setup.py egg_info --egg-base ../../build/sim_joy build --build-base /home/yaojunqi/Desktop/motion_builder/build/sim_joy/build install --record /home/yaojunqi/Desktop/motion_builder/build/sim_joy/install.log --single-version-externally-managed install_data
[0.898s] /home/yaojunqi/.local/lib/python3.10/site-packages/setuptools/_distutils/dist.py:289: UserWarning: Unknown distribution option: 'tests_require'
[0.898s]   warnings.warn(msg)
[0.988s] running egg_info
[1.002s] writing ../../build/sim_joy/sim_joy.egg-info/PKG-INFO
[1.002s] writing dependency_links to ../../build/sim_joy/sim_joy.egg-info/dependency_links.txt
[1.002s] writing entry points to ../../build/sim_joy/sim_joy.egg-info/entry_points.txt
[1.003s] writing requirements to ../../build/sim_joy/sim_joy.egg-info/requires.txt
[1.003s] writing top-level names to ../../build/sim_joy/sim_joy.egg-info/top_level.txt
[1.032s] reading manifest file '../../build/sim_joy/sim_joy.egg-info/SOURCES.txt'
[1.034s] writing manifest file '../../build/sim_joy/sim_joy.egg-info/SOURCES.txt'
[1.034s] running build
[1.034s] running build_py
[1.035s] running install
[1.038s] running install_lib
[1.053s] running install_data
[1.053s] running install_egg_info
[1.068s] removing '/home/yaojunqi/Desktop/motion_builder/install/sim_joy/lib/python3.10/site-packages/sim_joy-0.0.1-py3.10.egg-info' (and everything under it)
[1.069s] Copying ../../build/sim_joy/sim_joy.egg-info to /home/yaojunqi/Desktop/motion_builder/install/sim_joy/lib/python3.10/site-packages/sim_joy-0.0.1-py3.10.egg-info
[1.069s] running install_scripts
[1.100s] Installing teleop_gui script to /home/yaojunqi/Desktop/motion_builder/install/sim_joy/lib/sim_joy
[1.100s] Installing teleop_joy script to /home/yaojunqi/Desktop/motion_builder/install/sim_joy/lib/sim_joy
[1.100s] writing list of installed files to '/home/yaojunqi/Desktop/motion_builder/build/sim_joy/install.log'
[1.189s] Invoked command in '/home/yaojunqi/Desktop/motion_builder/src/sim_joy' returned '0': CONDA_PROMPT_MODIFIER=(base) PYTHONPATH=/home/yaojunqi/Desktop/motion_builder/build/sim_joy/prefix_override:/usr/lib/python3/dist-packages/colcon_core/task/python/colcon_distutils_commands:/home/yaojunqi/Desktop/motion_builder/install/sim_joy/lib/python3.10/site-packages:${PYTHONPATH} /usr/bin/python3 -W ignore:setup.py install is deprecated -W ignore:easy_install command is deprecated setup.py egg_info --egg-base ../../build/sim_joy build --build-base /home/yaojunqi/Desktop/motion_builder/build/sim_joy/build install --record /home/yaojunqi/Desktop/motion_builder/build/sim_joy/install.log --single-version-externally-managed install_data
