[0.184s] Invoking command in '/home/yaojunqi/Desktop/motion_builder/build/tiangong2pro_urdf': CMAKE_PREFIX_PATH=${CMAKE_PREFIX_PATH}:/home/yaojunqi/Desktop/motion_builder/other_install/bodyctrl_msgs:/home/yaojunqi/Desktop/motion_builder/other_install/lyre_msgs CONDA_PROMPT_MODIFIER=(base) /home/yaojunqi/miniconda3/bin/cmake /home/yaojunqi/Desktop/motion_builder/src/tiangong2pro_urdf -DPython3_EXECUTABLE=/usr/bin/python3 -DCMAKE_INSTALL_PREFIX=/home/yaojunqi/Desktop/motion_builder/install/tiangong2pro_urdf
[0.307s] [0mCMake Deprecation Warning at CMakeLists.txt:1 (cmake_minimum_required):
[0.307s]   Compatibility with CMake < 3.10 will be removed from a future version of
[0.307s]   CMake.
[0.307s] 
[0.307s]   Update the VERSION argument <min> value.  Or, use the <min>...<max> syntax
[0.307s]   to tell CMake that the project requires at least <min> but has been updated
[0.307s]   to work with policies introduced by <max> or earlier.
[0.307s] 
[0.307s] [0m
[0.352s] -- The C compiler identification is GNU 11.4.0
[0.422s] -- The CXX compiler identification is GNU 11.4.0
[0.430s] -- Detecting C compiler ABI info
[0.490s] -- Detecting C compiler ABI info - done
[0.504s] -- Check for working C compiler: /usr/bin/cc - skipped
[0.504s] -- Detecting C compile features
[0.504s] -- Detecting C compile features - done
[0.516s] -- Detecting CXX compiler ABI info
[0.588s] -- Detecting CXX compiler ABI info - done
[0.602s] -- Check for working CXX compiler: /usr/bin/c++ - skipped
[0.602s] -- Detecting CXX compile features
[0.603s] -- Detecting CXX compile features - done
[0.611s] -- Found ament_cmake: 1.3.14 (/opt/ros/humble/share/ament_cmake/cmake)
[0.768s] -- Found Python3: /usr/bin/python3 (found version "3.10.12") found components: Interpreter
[0.857s] -- Found ament_lint_auto: 0.12.15 (/opt/ros/humble/share/ament_lint_auto/cmake)
[0.937s] -- Added test 'flake8' to check Python code syntax and style conventions
[0.938s] -- Added test 'lint_cmake' to check CMake code style
[0.940s] -- Added test 'pep257' to check Python code against some of the docstring style conventions in PEP 257
[0.945s] -- Added test 'xmllint' to check XML markup files
[0.947s] -- Configuring done (0.7s)
[0.953s] -- Generating done (0.0s)
[0.954s] -- Build files have been written to: /home/yaojunqi/Desktop/motion_builder/build/tiangong2pro_urdf
[0.960s] Invoked command in '/home/yaojunqi/Desktop/motion_builder/build/tiangong2pro_urdf' returned '0': CMAKE_PREFIX_PATH=${CMAKE_PREFIX_PATH}:/home/yaojunqi/Desktop/motion_builder/other_install/bodyctrl_msgs:/home/yaojunqi/Desktop/motion_builder/other_install/lyre_msgs CONDA_PROMPT_MODIFIER=(base) /home/yaojunqi/miniconda3/bin/cmake /home/yaojunqi/Desktop/motion_builder/src/tiangong2pro_urdf -DPython3_EXECUTABLE=/usr/bin/python3 -DCMAKE_INSTALL_PREFIX=/home/yaojunqi/Desktop/motion_builder/install/tiangong2pro_urdf
[0.962s] Invoking command in '/home/yaojunqi/Desktop/motion_builder/build/tiangong2pro_urdf': CMAKE_PREFIX_PATH=${CMAKE_PREFIX_PATH}:/home/yaojunqi/Desktop/motion_builder/other_install/bodyctrl_msgs:/home/yaojunqi/Desktop/motion_builder/other_install/lyre_msgs CONDA_PROMPT_MODIFIER=(base) /home/yaojunqi/miniconda3/bin/cmake --build /home/yaojunqi/Desktop/motion_builder/build/tiangong2pro_urdf -- -j32 -l32
[1.078s] Invoked command in '/home/yaojunqi/Desktop/motion_builder/build/tiangong2pro_urdf' returned '0': CMAKE_PREFIX_PATH=${CMAKE_PREFIX_PATH}:/home/yaojunqi/Desktop/motion_builder/other_install/bodyctrl_msgs:/home/yaojunqi/Desktop/motion_builder/other_install/lyre_msgs CONDA_PROMPT_MODIFIER=(base) /home/yaojunqi/miniconda3/bin/cmake --build /home/yaojunqi/Desktop/motion_builder/build/tiangong2pro_urdf -- -j32 -l32
[1.182s] Invoking command in '/home/yaojunqi/Desktop/motion_builder/build/tiangong2pro_urdf': CMAKE_PREFIX_PATH=${CMAKE_PREFIX_PATH}:/home/yaojunqi/Desktop/motion_builder/other_install/bodyctrl_msgs:/home/yaojunqi/Desktop/motion_builder/other_install/lyre_msgs CONDA_PROMPT_MODIFIER=(base) /home/yaojunqi/miniconda3/bin/cmake --install /home/yaojunqi/Desktop/motion_builder/build/tiangong2pro_urdf
[1.293s] -- Install configuration: ""
[1.294s] -- Up-to-date: /home/yaojunqi/Desktop/motion_builder/install/tiangong2pro_urdf/share/tiangong2pro_urdf/launch
[1.294s] -- Up-to-date: /home/yaojunqi/Desktop/motion_builder/install/tiangong2pro_urdf/share/tiangong2pro_urdf/launch/interactive_gui.launch.py
[1.294s] -- Up-to-date: /home/yaojunqi/Desktop/motion_builder/install/tiangong2pro_urdf/share/tiangong2pro_urdf/launch/simulation.launch.py
[1.294s] -- Up-to-date: /home/yaojunqi/Desktop/motion_builder/install/tiangong2pro_urdf/share/tiangong2pro_urdf/launch/editer.launch.py
[1.294s] -- Up-to-date: /home/yaojunqi/Desktop/motion_builder/install/tiangong2pro_urdf/share/tiangong2pro_urdf/urdf
[1.294s] -- Up-to-date: /home/yaojunqi/Desktop/motion_builder/install/tiangong2pro_urdf/share/tiangong2pro_urdf/urdf/tiangong2.0_pro_with_hands.urdf
[1.294s] -- Up-to-date: /home/yaojunqi/Desktop/motion_builder/install/tiangong2pro_urdf/share/tiangong2pro_urdf/urdf/tiangong2.0_pro_urdf.urdf.xacro
[1.294s] -- Up-to-date: /home/yaojunqi/Desktop/motion_builder/install/tiangong2pro_urdf/share/tiangong2pro_urdf/urdf/tiangong2.0_pro_urdf.urdf
[1.294s] -- Up-to-date: /home/yaojunqi/Desktop/motion_builder/install/tiangong2pro_urdf/share/tiangong2pro_urdf/urdf/tiangong2.0_complete_with_hands.xacro
[1.294s] -- Up-to-date: /home/yaojunqi/Desktop/motion_builder/install/tiangong2pro_urdf/share/tiangong2pro_urdf/meshes
[1.295s] -- Up-to-date: /home/yaojunqi/Desktop/motion_builder/install/tiangong2pro_urdf/share/tiangong2pro_urdf/meshes/left_little_1.STL
[1.295s] -- Up-to-date: /home/yaojunqi/Desktop/motion_builder/install/tiangong2pro_urdf/share/tiangong2pro_urdf/meshes/hip_roll_r_link.STL
[1.295s] -- Up-to-date: /home/yaojunqi/Desktop/motion_builder/install/tiangong2pro_urdf/share/tiangong2pro_urdf/meshes/left_little_2.STL
[1.295s] -- Up-to-date: /home/yaojunqi/Desktop/motion_builder/install/tiangong2pro_urdf/share/tiangong2pro_urdf/meshes/L_base_link.STL
[1.295s] -- Up-to-date: /home/yaojunqi/Desktop/motion_builder/install/tiangong2pro_urdf/share/tiangong2pro_urdf/meshes/left_middle_2.STL
[1.295s] -- Up-to-date: /home/yaojunqi/Desktop/motion_builder/install/tiangong2pro_urdf/share/tiangong2pro_urdf/meshes/camera_head_link.STL
[1.295s] -- Up-to-date: /home/yaojunqi/Desktop/motion_builder/install/tiangong2pro_urdf/share/tiangong2pro_urdf/meshes/pelvis.STL
[1.295s] -- Up-to-date: /home/yaojunqi/Desktop/motion_builder/install/tiangong2pro_urdf/share/tiangong2pro_urdf/meshes/right_tcp_link.STL
[1.296s] -- Up-to-date: /home/yaojunqi/Desktop/motion_builder/install/tiangong2pro_urdf/share/tiangong2pro_urdf/meshes/camera_body_back_link.STL
[1.296s] -- Up-to-date: /home/yaojunqi/Desktop/motion_builder/install/tiangong2pro_urdf/share/tiangong2pro_urdf/meshes/right_thumb_3.STL
[1.296s] -- Up-to-date: /home/yaojunqi/Desktop/motion_builder/install/tiangong2pro_urdf/share/tiangong2pro_urdf/meshes/wrist_pitch_l_link.STL
[1.296s] -- Up-to-date: /home/yaojunqi/Desktop/motion_builder/install/tiangong2pro_urdf/share/tiangong2pro_urdf/meshes/waist_yaw_link.STL
[1.296s] -- Up-to-date: /home/yaojunqi/Desktop/motion_builder/install/tiangong2pro_urdf/share/tiangong2pro_urdf/meshes/left_thumb_4.STL
[1.296s] -- Up-to-date: /home/yaojunqi/Desktop/motion_builder/install/tiangong2pro_urdf/share/tiangong2pro_urdf/meshes/right_ring_1.STL
[1.296s] -- Up-to-date: /home/yaojunqi/Desktop/motion_builder/install/tiangong2pro_urdf/share/tiangong2pro_urdf/meshes/ankle_roll_r_link.STL
[1.296s] -- Up-to-date: /home/yaojunqi/Desktop/motion_builder/install/tiangong2pro_urdf/share/tiangong2pro_urdf/meshes/hip_roll_l_link.STL
[1.296s] -- Up-to-date: /home/yaojunqi/Desktop/motion_builder/install/tiangong2pro_urdf/share/tiangong2pro_urdf/meshes/left_ring_2.STL
[1.296s] -- Up-to-date: /home/yaojunqi/Desktop/motion_builder/install/tiangong2pro_urdf/share/tiangong2pro_urdf/meshes/right_ring_2.STL
[1.296s] -- Up-to-date: /home/yaojunqi/Desktop/motion_builder/install/tiangong2pro_urdf/share/tiangong2pro_urdf/meshes/left_index_1.STL
[1.296s] -- Up-to-date: /home/yaojunqi/Desktop/motion_builder/install/tiangong2pro_urdf/share/tiangong2pro_urdf/meshes/ankle_roll_l_link.STL
[1.296s] -- Up-to-date: /home/yaojunqi/Desktop/motion_builder/install/tiangong2pro_urdf/share/tiangong2pro_urdf/meshes/wrist_roll_r_link.STL
[1.296s] -- Up-to-date: /home/yaojunqi/Desktop/motion_builder/install/tiangong2pro_urdf/share/tiangong2pro_urdf/meshes/right_index_2.STL
[1.296s] -- Up-to-date: /home/yaojunqi/Desktop/motion_builder/install/tiangong2pro_urdf/share/tiangong2pro_urdf/meshes/knee_pitch_r_link.STL
[1.296s] -- Up-to-date: /home/yaojunqi/Desktop/motion_builder/install/tiangong2pro_urdf/share/tiangong2pro_urdf/meshes/head_pitch_link.STL
[1.297s] -- Up-to-date: /home/yaojunqi/Desktop/motion_builder/install/tiangong2pro_urdf/share/tiangong2pro_urdf/meshes/R_base_link.STL
[1.297s] -- Up-to-date: /home/yaojunqi/Desktop/motion_builder/install/tiangong2pro_urdf/share/tiangong2pro_urdf/meshes/knee_pitch_l_link.STL
[1.297s] -- Up-to-date: /home/yaojunqi/Desktop/motion_builder/install/tiangong2pro_urdf/share/tiangong2pro_urdf/meshes/right_thumb_2.STL
[1.297s] -- Up-to-date: /home/yaojunqi/Desktop/motion_builder/install/tiangong2pro_urdf/share/tiangong2pro_urdf/meshes/head_yaw_link.STL
[1.297s] -- Up-to-date: /home/yaojunqi/Desktop/motion_builder/install/tiangong2pro_urdf/share/tiangong2pro_urdf/meshes/right_index_1.STL
[1.297s] -- Up-to-date: /home/yaojunqi/Desktop/motion_builder/install/tiangong2pro_urdf/share/tiangong2pro_urdf/meshes/shoulder_roll_r_link.STL
[1.297s] -- Up-to-date: /home/yaojunqi/Desktop/motion_builder/install/tiangong2pro_urdf/share/tiangong2pro_urdf/meshes/right_little_1.STL
[1.297s] -- Up-to-date: /home/yaojunqi/Desktop/motion_builder/install/tiangong2pro_urdf/share/tiangong2pro_urdf/meshes/left_thumb_1.STL
[1.297s] -- Up-to-date: /home/yaojunqi/Desktop/motion_builder/install/tiangong2pro_urdf/share/tiangong2pro_urdf/meshes/left_ring_1.STL
[1.297s] -- Up-to-date: /home/yaojunqi/Desktop/motion_builder/install/tiangong2pro_urdf/share/tiangong2pro_urdf/meshes/right_middle_2.STL
[1.297s] -- Up-to-date: /home/yaojunqi/Desktop/motion_builder/install/tiangong2pro_urdf/share/tiangong2pro_urdf/meshes/elbow_pitch_r_link.STL
[1.297s] -- Up-to-date: /home/yaojunqi/Desktop/motion_builder/install/tiangong2pro_urdf/share/tiangong2pro_urdf/meshes/shoulder_roll_l_link.STL
[1.297s] -- Up-to-date: /home/yaojunqi/Desktop/motion_builder/install/tiangong2pro_urdf/share/tiangong2pro_urdf/meshes/wrist_pitch_r_link.STL
[1.297s] -- Up-to-date: /home/yaojunqi/Desktop/motion_builder/install/tiangong2pro_urdf/share/tiangong2pro_urdf/meshes/ankle_pitch_l_link.STL
[1.297s] -- Up-to-date: /home/yaojunqi/Desktop/motion_builder/install/tiangong2pro_urdf/share/tiangong2pro_urdf/meshes/left_middle_1.STL
[1.297s] -- Up-to-date: /home/yaojunqi/Desktop/motion_builder/install/tiangong2pro_urdf/share/tiangong2pro_urdf/meshes/elbow_yaw_l_link.STL
[1.298s] -- Up-to-date: /home/yaojunqi/Desktop/motion_builder/install/tiangong2pro_urdf/share/tiangong2pro_urdf/meshes/hip_pitch_r_link.STL
[1.298s] -- Up-to-date: /home/yaojunqi/Desktop/motion_builder/install/tiangong2pro_urdf/share/tiangong2pro_urdf/meshes/left_tcp_link.STL
[1.298s] -- Up-to-date: /home/yaojunqi/Desktop/motion_builder/install/tiangong2pro_urdf/share/tiangong2pro_urdf/meshes/right_thumb_1.STL
[1.298s] -- Up-to-date: /home/yaojunqi/Desktop/motion_builder/install/tiangong2pro_urdf/share/tiangong2pro_urdf/meshes/shoulder_yaw_r_link.STL
[1.298s] -- Up-to-date: /home/yaojunqi/Desktop/motion_builder/install/tiangong2pro_urdf/share/tiangong2pro_urdf/meshes/head_roll_link.STL
[1.298s] -- Up-to-date: /home/yaojunqi/Desktop/motion_builder/install/tiangong2pro_urdf/share/tiangong2pro_urdf/meshes/right_thumb_4.STL
[1.298s] -- Up-to-date: /home/yaojunqi/Desktop/motion_builder/install/tiangong2pro_urdf/share/tiangong2pro_urdf/meshes/left_index_2.STL
[1.298s] -- Up-to-date: /home/yaojunqi/Desktop/motion_builder/install/tiangong2pro_urdf/share/tiangong2pro_urdf/meshes/left_thumb_2.STL
[1.298s] -- Up-to-date: /home/yaojunqi/Desktop/motion_builder/install/tiangong2pro_urdf/share/tiangong2pro_urdf/meshes/right_little_2.STL
[1.298s] -- Up-to-date: /home/yaojunqi/Desktop/motion_builder/install/tiangong2pro_urdf/share/tiangong2pro_urdf/meshes/hip_yaw_l_link.STL
[1.298s] -- Up-to-date: /home/yaojunqi/Desktop/motion_builder/install/tiangong2pro_urdf/share/tiangong2pro_urdf/meshes/shoulder_pitch_l_link.STL
[1.298s] -- Up-to-date: /home/yaojunqi/Desktop/motion_builder/install/tiangong2pro_urdf/share/tiangong2pro_urdf/meshes/shoulder_pitch_r_link.STL
[1.298s] -- Up-to-date: /home/yaojunqi/Desktop/motion_builder/install/tiangong2pro_urdf/share/tiangong2pro_urdf/meshes/left_thumb_3.STL
[1.298s] -- Up-to-date: /home/yaojunqi/Desktop/motion_builder/install/tiangong2pro_urdf/share/tiangong2pro_urdf/meshes/imu_link.STL
[1.298s] -- Up-to-date: /home/yaojunqi/Desktop/motion_builder/install/tiangong2pro_urdf/share/tiangong2pro_urdf/meshes/ankle_pitch_r_link.STL
[1.298s] -- Up-to-date: /home/yaojunqi/Desktop/motion_builder/install/tiangong2pro_urdf/share/tiangong2pro_urdf/meshes/camera_body_front_link.STL
[1.299s] -- Up-to-date: /home/yaojunqi/Desktop/motion_builder/install/tiangong2pro_urdf/share/tiangong2pro_urdf/meshes/right_middle_1.STL
[1.299s] -- Up-to-date: /home/yaojunqi/Desktop/motion_builder/install/tiangong2pro_urdf/share/tiangong2pro_urdf/meshes/elbow_yaw_r_link.STL
[1.299s] -- Up-to-date: /home/yaojunqi/Desktop/motion_builder/install/tiangong2pro_urdf/share/tiangong2pro_urdf/meshes/hip_yaw_r_link.STL
[1.299s] -- Up-to-date: /home/yaojunqi/Desktop/motion_builder/install/tiangong2pro_urdf/share/tiangong2pro_urdf/meshes/elbow_pitch_l_link.STL
[1.299s] -- Up-to-date: /home/yaojunqi/Desktop/motion_builder/install/tiangong2pro_urdf/share/tiangong2pro_urdf/meshes/wrist_roll_l_link.STL
[1.299s] -- Up-to-date: /home/yaojunqi/Desktop/motion_builder/install/tiangong2pro_urdf/share/tiangong2pro_urdf/meshes/shoulder_yaw_l_link.STL
[1.299s] -- Up-to-date: /home/yaojunqi/Desktop/motion_builder/install/tiangong2pro_urdf/share/tiangong2pro_urdf/meshes/hip_pitch_l_link.STL
[1.299s] -- Up-to-date: /home/yaojunqi/Desktop/motion_builder/install/tiangong2pro_urdf/share/tiangong2pro_urdf/config
[1.299s] -- Up-to-date: /home/yaojunqi/Desktop/motion_builder/install/tiangong2pro_urdf/share/tiangong2pro_urdf/config/actions
[1.300s] -- Up-to-date: /home/yaojunqi/Desktop/motion_builder/install/tiangong2pro_urdf/share/tiangong2pro_urdf/config/actions/editer
[1.300s] -- Up-to-date: /home/yaojunqi/Desktop/motion_builder/install/tiangong2pro_urdf/share/tiangong2pro_urdf/config/actions/create
[1.300s] -- Up-to-date: /home/yaojunqi/Desktop/motion_builder/install/tiangong2pro_urdf/share/tiangong2pro_urdf/config/display.rviz
[1.301s] -- Up-to-date: /home/yaojunqi/Desktop/motion_builder/install/tiangong2pro_urdf/share/tiangong2pro_urdf/scripts
[1.301s] -- Up-to-date: /home/yaojunqi/Desktop/motion_builder/install/tiangong2pro_urdf/share/tiangong2pro_urdf/scripts/sim_joint_bridge.py
[1.301s] -- Up-to-date: /home/yaojunqi/Desktop/motion_builder/install/tiangong2pro_urdf/share/tiangong2pro_urdf/scripts/keyframe_interpolator.py
[1.301s] -- Up-to-date: /home/yaojunqi/Desktop/motion_builder/install/tiangong2pro_urdf/share/tiangong2pro_urdf/scripts/action_editor.py
[1.301s] -- Up-to-date: /home/yaojunqi/Desktop/motion_builder/install/tiangong2pro_urdf/share/tiangong2pro_urdf/scripts/interactive_gui.py
[1.301s] -- Up-to-date: /home/yaojunqi/Desktop/motion_builder/install/tiangong2pro_urdf/share/tiangong2pro_urdf/scripts/joint_schema.py
[1.301s] -- Up-to-date: /home/yaojunqi/Desktop/motion_builder/install/tiangong2pro_urdf/share/tiangong2pro_urdf/scripts/audio_service.py
[1.302s] -- Up-to-date: /home/yaojunqi/Desktop/motion_builder/install/tiangong2pro_urdf/lib/tiangong2pro_urdf/action_editor.py
[1.302s] -- Up-to-date: /home/yaojunqi/Desktop/motion_builder/install/tiangong2pro_urdf/lib/tiangong2pro_urdf/sim_joint_bridge.py
[1.302s] -- Up-to-date: /home/yaojunqi/Desktop/motion_builder/install/tiangong2pro_urdf/lib/tiangong2pro_urdf/audio_service.py
[1.302s] -- Up-to-date: /home/yaojunqi/Desktop/motion_builder/install/tiangong2pro_urdf/lib/tiangong2pro_urdf/interactive_gui.py
[1.302s] -- Up-to-date: /home/yaojunqi/Desktop/motion_builder/install/tiangong2pro_urdf/share/ament_index/resource_index/package_run_dependencies/tiangong2pro_urdf
[1.302s] -- Up-to-date: /home/yaojunqi/Desktop/motion_builder/install/tiangong2pro_urdf/share/ament_index/resource_index/parent_prefix_path/tiangong2pro_urdf
[1.302s] -- Up-to-date: /home/yaojunqi/Desktop/motion_builder/install/tiangong2pro_urdf/share/tiangong2pro_urdf/environment/ament_prefix_path.sh
[1.302s] -- Installing: /home/yaojunqi/Desktop/motion_builder/install/tiangong2pro_urdf/share/tiangong2pro_urdf/environment/ament_prefix_path.dsv
[1.302s] -- Up-to-date: /home/yaojunqi/Desktop/motion_builder/install/tiangong2pro_urdf/share/tiangong2pro_urdf/environment/path.sh
[1.302s] -- Installing: /home/yaojunqi/Desktop/motion_builder/install/tiangong2pro_urdf/share/tiangong2pro_urdf/environment/path.dsv
[1.302s] -- Up-to-date: /home/yaojunqi/Desktop/motion_builder/install/tiangong2pro_urdf/share/tiangong2pro_urdf/local_setup.bash
[1.302s] -- Up-to-date: /home/yaojunqi/Desktop/motion_builder/install/tiangong2pro_urdf/share/tiangong2pro_urdf/local_setup.sh
[1.303s] -- Up-to-date: /home/yaojunqi/Desktop/motion_builder/install/tiangong2pro_urdf/share/tiangong2pro_urdf/local_setup.zsh
[1.303s] -- Installing: /home/yaojunqi/Desktop/motion_builder/install/tiangong2pro_urdf/share/tiangong2pro_urdf/local_setup.dsv
[1.303s] -- Installing: /home/yaojunqi/Desktop/motion_builder/install/tiangong2pro_urdf/share/tiangong2pro_urdf/package.dsv
[1.303s] -- Up-to-date: /home/yaojunqi/Desktop/motion_builder/install/tiangong2pro_urdf/share/ament_index/resource_index/packages/tiangong2pro_urdf
[1.303s] -- Up-to-date: /home/yaojunqi/Desktop/motion_builder/install/tiangong2pro_urdf/share/tiangong2pro_urdf/cmake/tiangong2pro_urdfConfig.cmake
[1.303s] -- Up-to-date: /home/yaojunqi/Desktop/motion_builder/install/tiangong2pro_urdf/share/tiangong2pro_urdf/cmake/tiangong2pro_urdfConfig-version.cmake
[1.303s] -- Up-to-date: /home/yaojunqi/Desktop/motion_builder/install/tiangong2pro_urdf/share/tiangong2pro_urdf/package.xml
[1.303s] Invoked command in '/home/yaojunqi/Desktop/motion_builder/build/tiangong2pro_urdf' returned '0': CMAKE_PREFIX_PATH=${CMAKE_PREFIX_PATH}:/home/yaojunqi/Desktop/motion_builder/other_install/bodyctrl_msgs:/home/yaojunqi/Desktop/motion_builder/other_install/lyre_msgs CONDA_PROMPT_MODIFIER=(base) /home/yaojunqi/miniconda3/bin/cmake --install /home/yaojunqi/Desktop/motion_builder/build/tiangong2pro_urdf
