/home/yaojunqi/Desktop/motion_builder/install/tienkung_action/lib/python3.10/site-packages/tienkung_action/trigger_player.py
/home/yaojunqi/Desktop/motion_builder/install/tienkung_action/lib/python3.10/site-packages/tienkung_action/__init__.py
/home/yaojunqi/Desktop/motion_builder/install/tienkung_action/lib/python3.10/site-packages/tienkung_action/__pycache__/trigger_player.cpython-310.pyc
/home/yaojunqi/Desktop/motion_builder/install/tienkung_action/lib/python3.10/site-packages/tienkung_action/__pycache__/__init__.cpython-310.pyc
/home/yaojunqi/Desktop/motion_builder/install/tienkung_action/share/ament_index/resource_index/packages/tienkung_action
/home/yaojunqi/Desktop/motion_builder/install/tienkung_action/share/tienkung_action/package.xml
/home/yaojunqi/Desktop/motion_builder/install/tienkung_action/share/tienkung_action/config/scenarios.json
/home/yaojunqi/Desktop/motion_builder/install/tienkung_action/share/tienkung_action/config/actions/gx-7-bd-f_chr01.json
/home/yaojunqi/Desktop/motion_builder/install/tienkung_action/share/tienkung_action/config/actions/daizhuan.json
/home/yaojunqi/Desktop/motion_builder/install/tienkung_action/share/tienkung_action/config/actions/left_pass.json
/home/yaojunqi/Desktop/motion_builder/install/tienkung_action/share/tienkung_action/config/actions/bd.json
/home/yaojunqi/Desktop/motion_builder/install/tienkung_action/share/tienkung_action/config/actions/thanks.json
/home/yaojunqi/Desktop/motion_builder/install/tienkung_action/share/tienkung_action/config/actions/swear_1.json
/home/yaojunqi/Desktop/motion_builder/install/tienkung_action/share/tienkung_action/config/actions/pass.json
/home/yaojunqi/Desktop/motion_builder/install/tienkung_action/share/tienkung_action/config/actions/gx-6-right-pass-f_chr01.json
/home/yaojunqi/Desktop/motion_builder/install/tienkung_action/share/tienkung_action/config/actions/gx-11-xx-s_chr01.json
/home/yaojunqi/Desktop/motion_builder/install/tienkung_action/share/tienkung_action/config/actions/stop.json
/home/yaojunqi/Desktop/motion_builder/install/tienkung_action/share/tienkung_action/config/actions/gx-9-js-f_chr01.json
/home/yaojunqi/Desktop/motion_builder/install/tienkung_action/share/tienkung_action/config/actions/gx-8-dz-f_chr01.json
/home/yaojunqi/Desktop/motion_builder/install/tienkung_action/share/tienkung_action/config/actions/jiansu.json
/home/yaojunqi/Desktop/motion_builder/install/tienkung_action/share/tienkung_action/config/actions/gx-5-left-pass-s_chr01.json
/home/yaojunqi/Desktop/motion_builder/install/tienkung_action/share/tienkung_action/config/actions/gx-3-stop_chr01.json
/home/yaojunqi/Desktop/motion_builder/install/tienkung_action/share/tienkung_action/config/actions/gx-4-pass-s_chr01.json
/home/yaojunqi/Desktop/motion_builder/install/tienkung_action/share/tienkung_action/config/actions/right_pass.json
/home/yaojunqi/Desktop/motion_builder/install/tienkung_action/share/tienkung_action/config/actions/swear_2.json
/home/yaojunqi/Desktop/motion_builder/install/tienkung_action/share/tienkung_action/data/traffic_voice/left_pass.mp3
/home/yaojunqi/Desktop/motion_builder/install/tienkung_action/share/tienkung_action/data/traffic_voice/stop.mp3
/home/yaojunqi/Desktop/motion_builder/install/tienkung_action/share/tienkung_action/data/traffic_voice/thanks.mp3
/home/yaojunqi/Desktop/motion_builder/install/tienkung_action/share/tienkung_action/data/traffic_voice/js.mp3
/home/yaojunqi/Desktop/motion_builder/install/tienkung_action/share/tienkung_action/data/traffic_voice/right_pass.mp3
/home/yaojunqi/Desktop/motion_builder/install/tienkung_action/share/tienkung_action/data/traffic_voice/11.mp3
/home/yaojunqi/Desktop/motion_builder/install/tienkung_action/share/tienkung_action/data/traffic_voice/daizhuan.mp3
/home/yaojunqi/Desktop/motion_builder/install/tienkung_action/share/tienkung_action/data/traffic_voice/bd.mp3
/home/yaojunqi/Desktop/motion_builder/install/tienkung_action/share/tienkung_action/data/traffic_voice/pass.mp3
/home/yaojunqi/Desktop/motion_builder/install/tienkung_action/lib/python3.10/site-packages/tienkung_action-0.0.1-py3.10.egg-info/SOURCES.txt
/home/yaojunqi/Desktop/motion_builder/install/tienkung_action/lib/python3.10/site-packages/tienkung_action-0.0.1-py3.10.egg-info/zip-safe
/home/yaojunqi/Desktop/motion_builder/install/tienkung_action/lib/python3.10/site-packages/tienkung_action-0.0.1-py3.10.egg-info/dependency_links.txt
/home/yaojunqi/Desktop/motion_builder/install/tienkung_action/lib/python3.10/site-packages/tienkung_action-0.0.1-py3.10.egg-info/requires.txt
/home/yaojunqi/Desktop/motion_builder/install/tienkung_action/lib/python3.10/site-packages/tienkung_action-0.0.1-py3.10.egg-info/entry_points.txt
/home/yaojunqi/Desktop/motion_builder/install/tienkung_action/lib/python3.10/site-packages/tienkung_action-0.0.1-py3.10.egg-info/top_level.txt
/home/yaojunqi/Desktop/motion_builder/install/tienkung_action/lib/python3.10/site-packages/tienkung_action-0.0.1-py3.10.egg-info/PKG-INFO
/home/yaojunqi/Desktop/motion_builder/install/tienkung_action/lib/tienkung_action/trigger_player
